[2025-06-26 15:16:26] [NOTICE] (D:\laragon\www\orion\func\error_func.php:29) Trying to access array offset on value of type null
[2025-06-26 15:16:38] [INFO] (D:\laragon\www\orion\modules\grp_turnirs\turnirsplayers\func\func.turnirsplayers.php:135) $data
[2025-06-26 15:16:38] [INFO] (D:\laragon\www\orion\modules\grp_turnirs\turnirsplayers\func\func.turnirsplayers.php:136) Array
(
    [roles] => Array
        (
        )

    [id] => s7qzbfh
    [fields] => Array
        (
            [0] => Array
                (
                    [key] => name
                    [value] => Павло
                    [oId] => 6yzc5v
                )

            [1] => Array
                (
                    [key] => surname
                    [value] => Кунда
                    [oId] => 6yzc5v
                )

            [2] => Array
                (
                    [key] => birthyear
                    [value] => 1974
                    [oId] => 6yzc5v
                )

            [3] => Array
                (
                    [key] => city
                    [value] => Київ
                    [oId] => 6yzc5v
                )

            [4] => Array
                (
                    [key] => country
                    [value] => Україна
                    [oId] => 6yzc5v
                )

            [5] => Array
                (
                    [key] => sex
                    [value] => m
                    [oId] => 6yzc5v
                )

            [6] => Array
                (
                    [key] => rank
                    [value] => 
                    [oId] => 6yzc5v
                )

            [7] => Array
                (
                    [key] => image
                    [oId] => 6yzc5v
                )

            [8] => Array
                (
                    [key] => expire
                    [value] => 2022-12-31T00:00:00.000Z
                    [oId] => 6yzc5v
                )

            [9] => Array
                (
                    [key] => region
                    [value] => Київська область
                    [oId] => 6yzc5v
                )

            [10] => Array
                (
                    [key] => state
                    [oId] => 6yzc5v
                )

        )

)

