[2025-06-14 14:50:01] [NOTICE] (D:\Dropbox\OpenServer\domains\orion\func\error_func.php:29) Optional parameter $id declared before required parameter $max_h is implicitly treated as a required parameter
[2025-06-14 14:50:01] [NOTICE] (D:\Dropbox\OpenServer\domains\orion\func\error_func.php:29) Optional parameter $id_elem declared before required parameter $max_h is implicitly treated as a required parameter
[2025-06-14 14:50:01] [NOTICE] (D:\Dropbox\OpenServer\domains\orion\func\error_func.php:29) Optional parameter $name_field declared before required parameter $max_h is implicitly treated as a required parameter
[2025-06-14 14:50:01] [NOTICE] (D:\Dropbox\OpenServer\domains\orion\func\error_func.php:29) Optional parameter $type_view declared before required parameter $max_h is implicitly treated as a required parameter
[2025-06-14 14:50:01] [NOTICE] (D:\Dropbox\OpenServer\domains\orion\func\error_func.php:29) Optional parameter $id declared before required parameter $max_h is implicitly treated as a required parameter
[2025-06-14 14:50:01] [NOTICE] (D:\Dropbox\OpenServer\domains\orion\func\error_func.php:29) Optional parameter $id_elem declared before required parameter $max_h is implicitly treated as a required parameter
[2025-06-14 14:50:01] [NOTICE] (D:\Dropbox\OpenServer\domains\orion\func\error_func.php:29) Optional parameter $name_field declared before required parameter $max_h is implicitly treated as a required parameter
[2025-06-14 14:50:01] [NOTICE] (D:\Dropbox\OpenServer\domains\orion\func\error_func.php:29) Optional parameter $type_view declared before required parameter $max_h is implicitly treated as a required parameter
[2025-06-14 14:50:01] [NOTICE] (D:\Dropbox\OpenServer\domains\orion\func\error_func.php:29) Optional parameter $id declared before required parameter $max_h is implicitly treated as a required parameter
[2025-06-14 14:50:01] [NOTICE] (D:\Dropbox\OpenServer\domains\orion\func\error_func.php:29) Optional parameter $id_elem declared before required parameter $max_h is implicitly treated as a required parameter
[2025-06-14 14:50:01] [NOTICE] (D:\Dropbox\OpenServer\domains\orion\func\error_func.php:29) Optional parameter $name_field declared before required parameter $max_h is implicitly treated as a required parameter
[2025-06-14 14:50:01] [NOTICE] (D:\Dropbox\OpenServer\domains\orion\func\error_func.php:29) Optional parameter $type_view declared before required parameter $max_h is implicitly treated as a required parameter
[2025-06-14 14:50:02] [NOTICE] (D:\Dropbox\OpenServer\domains\orion\func\error_func.php:29) Optional parameter $syn declared before required parameter $field is implicitly treated as a required parameter
[2025-06-14 14:50:02] [NOTICE] (D:\Dropbox\OpenServer\domains\orion\func\error_func.php:29) Creation of dynamic property auth_users::$timestamp is deprecated
[2025-06-14 14:50:02] [NOTICE] (D:\Dropbox\OpenServer\domains\orion\func\error_func.php:29) Creation of dynamic property auth_users::$ip is deprecated
[2025-06-14 14:50:02] [NOTICE] (D:\Dropbox\OpenServer\domains\orion\func\error_func.php:29) Creation of dynamic property auth_users::$ip_net is deprecated
[2025-06-14 14:50:02] [NOTICE] (D:\Dropbox\OpenServer\domains\orion\func\error_func.php:29) Creation of dynamic property auth_users::$browser is deprecated
[2025-06-14 14:50:03] [NOTICE] (D:\Dropbox\OpenServer\domains\orion\func\error_func.php:29) Optional parameter $id declared before required parameter $max_h is implicitly treated as a required parameter
[2025-06-14 14:50:03] [NOTICE] (D:\Dropbox\OpenServer\domains\orion\func\error_func.php:29) Optional parameter $id_elem declared before required parameter $max_h is implicitly treated as a required parameter
[2025-06-14 14:50:03] [NOTICE] (D:\Dropbox\OpenServer\domains\orion\func\error_func.php:29) Optional parameter $name_field declared before required parameter $max_h is implicitly treated as a required parameter
[2025-06-14 14:50:03] [NOTICE] (D:\Dropbox\OpenServer\domains\orion\func\error_func.php:29) Optional parameter $type_view declared before required parameter $max_h is implicitly treated as a required parameter
[2025-06-14 14:50:03] [NOTICE] (D:\Dropbox\OpenServer\domains\orion\func\error_func.php:29) Optional parameter $id declared before required parameter $max_h is implicitly treated as a required parameter
[2025-06-14 14:50:03] [NOTICE] (D:\Dropbox\OpenServer\domains\orion\func\error_func.php:29) Optional parameter $id_elem declared before required parameter $max_h is implicitly treated as a required parameter
[2025-06-14 14:50:03] [NOTICE] (D:\Dropbox\OpenServer\domains\orion\func\error_func.php:29) Optional parameter $name_field declared before required parameter $max_h is implicitly treated as a required parameter
[2025-06-14 14:50:03] [NOTICE] (D:\Dropbox\OpenServer\domains\orion\func\error_func.php:29) Optional parameter $type_view declared before required parameter $max_h is implicitly treated as a required parameter
[2025-06-14 14:50:03] [NOTICE] (D:\Dropbox\OpenServer\domains\orion\func\error_func.php:29) Optional parameter $id declared before required parameter $max_h is implicitly treated as a required parameter
[2025-06-14 14:50:03] [NOTICE] (D:\Dropbox\OpenServer\domains\orion\func\error_func.php:29) Optional parameter $id_elem declared before required parameter $max_h is implicitly treated as a required parameter
[2025-06-14 14:50:03] [NOTICE] (D:\Dropbox\OpenServer\domains\orion\func\error_func.php:29) Optional parameter $name_field declared before required parameter $max_h is implicitly treated as a required parameter
[2025-06-14 14:50:03] [NOTICE] (D:\Dropbox\OpenServer\domains\orion\func\error_func.php:29) Optional parameter $type_view declared before required parameter $max_h is implicitly treated as a required parameter
[2025-06-14 14:50:03] [NOTICE] (D:\Dropbox\OpenServer\domains\orion\func\error_func.php:29) Optional parameter $syn declared before required parameter $field is implicitly treated as a required parameter
[2025-06-14 14:50:03] [NOTICE] (D:\Dropbox\OpenServer\domains\orion\func\error_func.php:29) Creation of dynamic property auth_users::$timestamp is deprecated
[2025-06-14 14:50:03] [NOTICE] (D:\Dropbox\OpenServer\domains\orion\func\error_func.php:29) Creation of dynamic property auth_users::$ip is deprecated
[2025-06-14 14:50:03] [NOTICE] (D:\Dropbox\OpenServer\domains\orion\func\error_func.php:29) Creation of dynamic property auth_users::$ip_net is deprecated
[2025-06-14 14:50:03] [NOTICE] (D:\Dropbox\OpenServer\domains\orion\func\error_func.php:29) Creation of dynamic property auth_users::$browser is deprecated
[2025-06-14 14:50:03] [NOTICE] (D:\Dropbox\OpenServer\domains\orion\func\error_func.php:29) Creation of dynamic property ActionModule::$aEditField is deprecated
[2025-06-14 14:50:03] [NOTICE] (D:\Dropbox\OpenServer\domains\orion\func\error_func.php:29) Creation of dynamic property ListTable::$nameZ is deprecated
[2025-06-14 14:50:03] [NOTICE] (D:\Dropbox\OpenServer\domains\orion\func\error_func.php:29) Creation of dynamic property ListTable::$table_class is deprecated
[2025-06-14 14:50:03] [NOTICE] (D:\Dropbox\OpenServer\domains\orion\func\error_func.php:29) Creation of dynamic property ListTable::$theed_tr_class is deprecated
[2025-06-14 14:50:03] [NOTICE] (D:\Dropbox\OpenServer\domains\orion\func\error_func.php:29) Creation of dynamic property ListTable::$nameZList is deprecated
[2025-06-14 14:50:03] [NOTICE] (D:\Dropbox\OpenServer\domains\orion\func\error_func.php:29) Creation of dynamic property ListTable::$aFilters is deprecated
[2025-06-14 14:50:03] [NOTICE] (D:\Dropbox\OpenServer\domains\orion\func\error_func.php:29) Creation of dynamic property ListTable::$wintype is deprecated
[2025-06-14 14:50:03] [NOTICE] (D:\Dropbox\OpenServer\domains\orion\func\error_func.php:29) Creation of dynamic property ListTable::$field_result is deprecated
[2025-06-14 14:50:03] [NOTICE] (D:\Dropbox\OpenServer\domains\orion\func\error_func.php:29) Creation of dynamic property ListTable::$field_result_name is deprecated
[2025-06-14 14:50:03] [NOTICE] (D:\Dropbox\OpenServer\domains\orion\func\error_func.php:29) Creation of dynamic property SqlSelect::$parent_field is deprecated
[2025-06-14 14:50:03] [NOTICE] (D:\Dropbox\OpenServer\domains\orion\func\error_func.php:29) Creation of dynamic property SqlSelect::$out_module_id is deprecated
[2025-06-14 14:50:03] [NOTICE] (D:\Dropbox\OpenServer\domains\orion\func\error_func.php:29) Creation of dynamic property SqlSelect::$out_module_result is deprecated
[2025-06-14 14:50:09] [NOTICE] (D:\Dropbox\OpenServer\domains\orion\func\error_func.php:29) Creation of dynamic property ListTable::$page_items is deprecated
[2025-06-14 14:50:10] [NOTICE] (D:\Dropbox\OpenServer\domains\orion\func\error_func.php:29) Optional parameter $id declared before required parameter $max_h is implicitly treated as a required parameter
[2025-06-14 14:50:10] [NOTICE] (D:\Dropbox\OpenServer\domains\orion\func\error_func.php:29) Optional parameter $id_elem declared before required parameter $max_h is implicitly treated as a required parameter
[2025-06-14 14:50:10] [NOTICE] (D:\Dropbox\OpenServer\domains\orion\func\error_func.php:29) Optional parameter $name_field declared before required parameter $max_h is implicitly treated as a required parameter
[2025-06-14 14:50:10] [NOTICE] (D:\Dropbox\OpenServer\domains\orion\func\error_func.php:29) Optional parameter $type_view declared before required parameter $max_h is implicitly treated as a required parameter
[2025-06-14 14:50:10] [NOTICE] (D:\Dropbox\OpenServer\domains\orion\func\error_func.php:29) Optional parameter $id declared before required parameter $max_h is implicitly treated as a required parameter
[2025-06-14 14:50:10] [NOTICE] (D:\Dropbox\OpenServer\domains\orion\func\error_func.php:29) Optional parameter $id_elem declared before required parameter $max_h is implicitly treated as a required parameter
[2025-06-14 14:50:10] [NOTICE] (D:\Dropbox\OpenServer\domains\orion\func\error_func.php:29) Optional parameter $name_field declared before required parameter $max_h is implicitly treated as a required parameter
[2025-06-14 14:50:10] [NOTICE] (D:\Dropbox\OpenServer\domains\orion\func\error_func.php:29) Optional parameter $type_view declared before required parameter $max_h is implicitly treated as a required parameter
[2025-06-14 14:50:10] [NOTICE] (D:\Dropbox\OpenServer\domains\orion\func\error_func.php:29) Optional parameter $id declared before required parameter $max_h is implicitly treated as a required parameter
[2025-06-14 14:50:10] [NOTICE] (D:\Dropbox\OpenServer\domains\orion\func\error_func.php:29) Optional parameter $id_elem declared before required parameter $max_h is implicitly treated as a required parameter
[2025-06-14 14:50:10] [NOTICE] (D:\Dropbox\OpenServer\domains\orion\func\error_func.php:29) Optional parameter $name_field declared before required parameter $max_h is implicitly treated as a required parameter
[2025-06-14 14:50:10] [NOTICE] (D:\Dropbox\OpenServer\domains\orion\func\error_func.php:29) Optional parameter $type_view declared before required parameter $max_h is implicitly treated as a required parameter
[2025-06-14 14:50:10] [NOTICE] (D:\Dropbox\OpenServer\domains\orion\func\error_func.php:29) Optional parameter $syn declared before required parameter $field is implicitly treated as a required parameter
[2025-06-14 14:50:10] [NOTICE] (D:\Dropbox\OpenServer\domains\orion\func\error_func.php:29) Creation of dynamic property auth_users::$timestamp is deprecated
[2025-06-14 14:50:10] [NOTICE] (D:\Dropbox\OpenServer\domains\orion\func\error_func.php:29) Creation of dynamic property auth_users::$ip is deprecated
[2025-06-14 14:50:10] [NOTICE] (D:\Dropbox\OpenServer\domains\orion\func\error_func.php:29) Creation of dynamic property auth_users::$ip_net is deprecated
[2025-06-14 14:50:10] [NOTICE] (D:\Dropbox\OpenServer\domains\orion\func\error_func.php:29) Creation of dynamic property auth_users::$browser is deprecated
[2025-06-14 14:50:10] [NOTICE] (D:\Dropbox\OpenServer\domains\orion\func\error_func.php:29) Optional parameter $id declared before required parameter $max_h is implicitly treated as a required parameter
[2025-06-14 14:50:10] [NOTICE] (D:\Dropbox\OpenServer\domains\orion\func\error_func.php:29) Optional parameter $id_elem declared before required parameter $max_h is implicitly treated as a required parameter
[2025-06-14 14:50:10] [NOTICE] (D:\Dropbox\OpenServer\domains\orion\func\error_func.php:29) Optional parameter $name_field declared before required parameter $max_h is implicitly treated as a required parameter
[2025-06-14 14:50:10] [NOTICE] (D:\Dropbox\OpenServer\domains\orion\func\error_func.php:29) Optional parameter $type_view declared before required parameter $max_h is implicitly treated as a required parameter
[2025-06-14 14:50:10] [NOTICE] (D:\Dropbox\OpenServer\domains\orion\func\error_func.php:29) Optional parameter $id declared before required parameter $max_h is implicitly treated as a required parameter
[2025-06-14 14:50:10] [NOTICE] (D:\Dropbox\OpenServer\domains\orion\func\error_func.php:29) Optional parameter $id_elem declared before required parameter $max_h is implicitly treated as a required parameter
[2025-06-14 14:50:10] [NOTICE] (D:\Dropbox\OpenServer\domains\orion\func\error_func.php:29) Optional parameter $name_field declared before required parameter $max_h is implicitly treated as a required parameter
[2025-06-14 14:50:10] [NOTICE] (D:\Dropbox\OpenServer\domains\orion\func\error_func.php:29) Optional parameter $type_view declared before required parameter $max_h is implicitly treated as a required parameter
[2025-06-14 14:50:10] [NOTICE] (D:\Dropbox\OpenServer\domains\orion\func\error_func.php:29) Optional parameter $id declared before required parameter $max_h is implicitly treated as a required parameter
[2025-06-14 14:50:10] [NOTICE] (D:\Dropbox\OpenServer\domains\orion\func\error_func.php:29) Optional parameter $id_elem declared before required parameter $max_h is implicitly treated as a required parameter
[2025-06-14 14:50:10] [NOTICE] (D:\Dropbox\OpenServer\domains\orion\func\error_func.php:29) Optional parameter $name_field declared before required parameter $max_h is implicitly treated as a required parameter
[2025-06-14 14:50:10] [NOTICE] (D:\Dropbox\OpenServer\domains\orion\func\error_func.php:29) Optional parameter $type_view declared before required parameter $max_h is implicitly treated as a required parameter
[2025-06-14 14:50:10] [NOTICE] (D:\Dropbox\OpenServer\domains\orion\func\error_func.php:29) Optional parameter $syn declared before required parameter $field is implicitly treated as a required parameter
[2025-06-14 14:50:10] [NOTICE] (D:\Dropbox\OpenServer\domains\orion\func\error_func.php:29) Creation of dynamic property auth_users::$timestamp is deprecated
[2025-06-14 14:50:10] [NOTICE] (D:\Dropbox\OpenServer\domains\orion\func\error_func.php:29) Creation of dynamic property auth_users::$ip is deprecated
[2025-06-14 14:50:10] [NOTICE] (D:\Dropbox\OpenServer\domains\orion\func\error_func.php:29) Creation of dynamic property auth_users::$ip_net is deprecated
[2025-06-14 14:50:10] [NOTICE] (D:\Dropbox\OpenServer\domains\orion\func\error_func.php:29) Creation of dynamic property auth_users::$browser is deprecated
[2025-06-14 14:50:10] [NOTICE] (D:\Dropbox\OpenServer\domains\orion\func\error_func.php:29) Creation of dynamic property ActionModule::$aEditField is deprecated
[2025-06-14 14:50:10] [NOTICE] (D:\Dropbox\OpenServer\domains\orion\func\error_func.php:29) Creation of dynamic property ListTable::$nameZ is deprecated
[2025-06-14 14:50:10] [NOTICE] (D:\Dropbox\OpenServer\domains\orion\func\error_func.php:29) Creation of dynamic property ListTable::$table_class is deprecated
[2025-06-14 14:50:10] [NOTICE] (D:\Dropbox\OpenServer\domains\orion\func\error_func.php:29) Creation of dynamic property ListTable::$theed_tr_class is deprecated
[2025-06-14 14:50:10] [NOTICE] (D:\Dropbox\OpenServer\domains\orion\func\error_func.php:29) Creation of dynamic property ListTable::$nameZList is deprecated
[2025-06-14 14:50:10] [NOTICE] (D:\Dropbox\OpenServer\domains\orion\func\error_func.php:29) Creation of dynamic property ListTable::$aFilters is deprecated
[2025-06-14 14:50:10] [NOTICE] (D:\Dropbox\OpenServer\domains\orion\func\error_func.php:29) Creation of dynamic property ListTable::$wintype is deprecated
[2025-06-14 14:50:10] [NOTICE] (D:\Dropbox\OpenServer\domains\orion\func\error_func.php:29) Creation of dynamic property ListTable::$field_result is deprecated
[2025-06-14 14:50:10] [NOTICE] (D:\Dropbox\OpenServer\domains\orion\func\error_func.php:29) Creation of dynamic property ListTable::$field_result_name is deprecated
[2025-06-14 14:50:10] [NOTICE] (D:\Dropbox\OpenServer\domains\orion\func\error_func.php:29) Creation of dynamic property SqlSelect::$parent_field is deprecated
[2025-06-14 14:50:10] [NOTICE] (D:\Dropbox\OpenServer\domains\orion\func\error_func.php:29) Creation of dynamic property SqlSelect::$out_module_id is deprecated
[2025-06-14 14:50:10] [NOTICE] (D:\Dropbox\OpenServer\domains\orion\func\error_func.php:29) Creation of dynamic property SqlSelect::$out_module_result is deprecated
[2025-06-14 14:50:10] [NOTICE] (D:\Dropbox\OpenServer\domains\orion\func\error_func.php:29) Creation of dynamic property ListTable::$page_items is deprecated
[2025-06-14 14:52:03] [NOTICE] (D:\Dropbox\OpenServer\domains\orion\func\error_func.php:29) Optional parameter $id declared before required parameter $max_h is implicitly treated as a required parameter
[2025-06-14 14:52:03] [NOTICE] (D:\Dropbox\OpenServer\domains\orion\func\error_func.php:29) Optional parameter $id_elem declared before required parameter $max_h is implicitly treated as a required parameter
[2025-06-14 14:52:03] [NOTICE] (D:\Dropbox\OpenServer\domains\orion\func\error_func.php:29) Optional parameter $name_field declared before required parameter $max_h is implicitly treated as a required parameter
[2025-06-14 14:52:03] [NOTICE] (D:\Dropbox\OpenServer\domains\orion\func\error_func.php:29) Optional parameter $type_view declared before required parameter $max_h is implicitly treated as a required parameter
[2025-06-14 14:52:03] [NOTICE] (D:\Dropbox\OpenServer\domains\orion\func\error_func.php:29) Optional parameter $id declared before required parameter $max_h is implicitly treated as a required parameter
[2025-06-14 14:52:03] [NOTICE] (D:\Dropbox\OpenServer\domains\orion\func\error_func.php:29) Optional parameter $id_elem declared before required parameter $max_h is implicitly treated as a required parameter
[2025-06-14 14:52:03] [NOTICE] (D:\Dropbox\OpenServer\domains\orion\func\error_func.php:29) Optional parameter $name_field declared before required parameter $max_h is implicitly treated as a required parameter
[2025-06-14 14:52:03] [NOTICE] (D:\Dropbox\OpenServer\domains\orion\func\error_func.php:29) Optional parameter $type_view declared before required parameter $max_h is implicitly treated as a required parameter
[2025-06-14 14:52:03] [NOTICE] (D:\Dropbox\OpenServer\domains\orion\func\error_func.php:29) Optional parameter $id declared before required parameter $max_h is implicitly treated as a required parameter
[2025-06-14 14:52:03] [NOTICE] (D:\Dropbox\OpenServer\domains\orion\func\error_func.php:29) Optional parameter $id_elem declared before required parameter $max_h is implicitly treated as a required parameter
[2025-06-14 14:52:03] [NOTICE] (D:\Dropbox\OpenServer\domains\orion\func\error_func.php:29) Optional parameter $name_field declared before required parameter $max_h is implicitly treated as a required parameter
[2025-06-14 14:52:03] [NOTICE] (D:\Dropbox\OpenServer\domains\orion\func\error_func.php:29) Optional parameter $type_view declared before required parameter $max_h is implicitly treated as a required parameter
[2025-06-14 14:52:03] [NOTICE] (D:\Dropbox\OpenServer\domains\orion\func\error_func.php:29) Optional parameter $syn declared before required parameter $field is implicitly treated as a required parameter
[2025-06-14 14:52:03] [NOTICE] (D:\Dropbox\OpenServer\domains\orion\func\error_func.php:29) Creation of dynamic property auth_users::$timestamp is deprecated
[2025-06-14 14:52:03] [NOTICE] (D:\Dropbox\OpenServer\domains\orion\func\error_func.php:29) Creation of dynamic property auth_users::$ip is deprecated
[2025-06-14 14:52:03] [NOTICE] (D:\Dropbox\OpenServer\domains\orion\func\error_func.php:29) Creation of dynamic property auth_users::$ip_net is deprecated
[2025-06-14 14:52:03] [NOTICE] (D:\Dropbox\OpenServer\domains\orion\func\error_func.php:29) Creation of dynamic property auth_users::$browser is deprecated
[2025-06-14 14:52:03] [NOTICE] (D:\Dropbox\OpenServer\domains\orion\func\error_func.php:29) Optional parameter $id declared before required parameter $max_h is implicitly treated as a required parameter
[2025-06-14 14:52:03] [NOTICE] (D:\Dropbox\OpenServer\domains\orion\func\error_func.php:29) Optional parameter $id_elem declared before required parameter $max_h is implicitly treated as a required parameter
[2025-06-14 14:52:03] [NOTICE] (D:\Dropbox\OpenServer\domains\orion\func\error_func.php:29) Optional parameter $name_field declared before required parameter $max_h is implicitly treated as a required parameter
[2025-06-14 14:52:03] [NOTICE] (D:\Dropbox\OpenServer\domains\orion\func\error_func.php:29) Optional parameter $type_view declared before required parameter $max_h is implicitly treated as a required parameter
[2025-06-14 14:52:03] [NOTICE] (D:\Dropbox\OpenServer\domains\orion\func\error_func.php:29) Optional parameter $id declared before required parameter $max_h is implicitly treated as a required parameter
[2025-06-14 14:52:03] [NOTICE] (D:\Dropbox\OpenServer\domains\orion\func\error_func.php:29) Optional parameter $id_elem declared before required parameter $max_h is implicitly treated as a required parameter
[2025-06-14 14:52:03] [NOTICE] (D:\Dropbox\OpenServer\domains\orion\func\error_func.php:29) Optional parameter $name_field declared before required parameter $max_h is implicitly treated as a required parameter
[2025-06-14 14:52:03] [NOTICE] (D:\Dropbox\OpenServer\domains\orion\func\error_func.php:29) Optional parameter $type_view declared before required parameter $max_h is implicitly treated as a required parameter
[2025-06-14 14:52:03] [NOTICE] (D:\Dropbox\OpenServer\domains\orion\func\error_func.php:29) Optional parameter $id declared before required parameter $max_h is implicitly treated as a required parameter
[2025-06-14 14:52:03] [NOTICE] (D:\Dropbox\OpenServer\domains\orion\func\error_func.php:29) Optional parameter $id_elem declared before required parameter $max_h is implicitly treated as a required parameter
[2025-06-14 14:52:03] [NOTICE] (D:\Dropbox\OpenServer\domains\orion\func\error_func.php:29) Optional parameter $name_field declared before required parameter $max_h is implicitly treated as a required parameter
[2025-06-14 14:52:03] [NOTICE] (D:\Dropbox\OpenServer\domains\orion\func\error_func.php:29) Optional parameter $type_view declared before required parameter $max_h is implicitly treated as a required parameter
[2025-06-14 14:52:03] [NOTICE] (D:\Dropbox\OpenServer\domains\orion\func\error_func.php:29) Optional parameter $syn declared before required parameter $field is implicitly treated as a required parameter
[2025-06-14 14:52:03] [NOTICE] (D:\Dropbox\OpenServer\domains\orion\func\error_func.php:29) Creation of dynamic property auth_users::$timestamp is deprecated
[2025-06-14 14:52:03] [NOTICE] (D:\Dropbox\OpenServer\domains\orion\func\error_func.php:29) Creation of dynamic property auth_users::$ip is deprecated
[2025-06-14 14:52:03] [NOTICE] (D:\Dropbox\OpenServer\domains\orion\func\error_func.php:29) Creation of dynamic property auth_users::$ip_net is deprecated
[2025-06-14 14:52:03] [NOTICE] (D:\Dropbox\OpenServer\domains\orion\func\error_func.php:29) Creation of dynamic property auth_users::$browser is deprecated
[2025-06-14 14:52:03] [NOTICE] (D:\Dropbox\OpenServer\domains\orion\func\error_func.php:29) Creation of dynamic property ActionModule::$aEditField is deprecated
[2025-06-14 14:52:03] [NOTICE] (D:\Dropbox\OpenServer\domains\orion\func\error_func.php:29) Creation of dynamic property ListTable::$nameZ is deprecated
[2025-06-14 14:52:03] [NOTICE] (D:\Dropbox\OpenServer\domains\orion\func\error_func.php:29) Creation of dynamic property ListTable::$table_class is deprecated
[2025-06-14 14:52:03] [NOTICE] (D:\Dropbox\OpenServer\domains\orion\func\error_func.php:29) Creation of dynamic property ListTable::$theed_tr_class is deprecated
[2025-06-14 14:52:03] [NOTICE] (D:\Dropbox\OpenServer\domains\orion\func\error_func.php:29) Creation of dynamic property ListTable::$nameZList is deprecated
[2025-06-14 14:52:03] [NOTICE] (D:\Dropbox\OpenServer\domains\orion\func\error_func.php:29) Creation of dynamic property ListTable::$aFilters is deprecated
[2025-06-14 14:52:03] [NOTICE] (D:\Dropbox\OpenServer\domains\orion\func\error_func.php:29) Creation of dynamic property ListTable::$wintype is deprecated
[2025-06-14 14:52:03] [NOTICE] (D:\Dropbox\OpenServer\domains\orion\func\error_func.php:29) Creation of dynamic property ListTable::$field_result is deprecated
[2025-06-14 14:52:03] [NOTICE] (D:\Dropbox\OpenServer\domains\orion\func\error_func.php:29) Creation of dynamic property ListTable::$field_result_name is deprecated
[2025-06-14 14:52:03] [NOTICE] (D:\Dropbox\OpenServer\domains\orion\func\error_func.php:29) Creation of dynamic property SqlSelect::$parent_field is deprecated
[2025-06-14 14:52:03] [NOTICE] (D:\Dropbox\OpenServer\domains\orion\func\error_func.php:29) Creation of dynamic property SqlSelect::$out_module_id is deprecated
[2025-06-14 14:52:03] [NOTICE] (D:\Dropbox\OpenServer\domains\orion\func\error_func.php:29) Creation of dynamic property SqlSelect::$out_module_result is deprecated
[2025-06-14 14:52:03] [NOTICE] (D:\Dropbox\OpenServer\domains\orion\func\error_func.php:29) Creation of dynamic property ListTable::$page_items is deprecated
[2025-06-14 14:52:05] [NOTICE] (D:\Dropbox\OpenServer\domains\orion\func\error_func.php:29) Optional parameter $id declared before required parameter $max_h is implicitly treated as a required parameter
[2025-06-14 14:52:05] [NOTICE] (D:\Dropbox\OpenServer\domains\orion\func\error_func.php:29) Optional parameter $id_elem declared before required parameter $max_h is implicitly treated as a required parameter
[2025-06-14 14:52:05] [NOTICE] (D:\Dropbox\OpenServer\domains\orion\func\error_func.php:29) Optional parameter $name_field declared before required parameter $max_h is implicitly treated as a required parameter
[2025-06-14 14:52:05] [NOTICE] (D:\Dropbox\OpenServer\domains\orion\func\error_func.php:29) Optional parameter $type_view declared before required parameter $max_h is implicitly treated as a required parameter
[2025-06-14 14:52:05] [NOTICE] (D:\Dropbox\OpenServer\domains\orion\func\error_func.php:29) Optional parameter $id declared before required parameter $max_h is implicitly treated as a required parameter
[2025-06-14 14:52:05] [NOTICE] (D:\Dropbox\OpenServer\domains\orion\func\error_func.php:29) Optional parameter $id_elem declared before required parameter $max_h is implicitly treated as a required parameter
[2025-06-14 14:52:05] [NOTICE] (D:\Dropbox\OpenServer\domains\orion\func\error_func.php:29) Optional parameter $name_field declared before required parameter $max_h is implicitly treated as a required parameter
[2025-06-14 14:52:05] [NOTICE] (D:\Dropbox\OpenServer\domains\orion\func\error_func.php:29) Optional parameter $type_view declared before required parameter $max_h is implicitly treated as a required parameter
[2025-06-14 14:52:05] [NOTICE] (D:\Dropbox\OpenServer\domains\orion\func\error_func.php:29) Optional parameter $id declared before required parameter $max_h is implicitly treated as a required parameter
[2025-06-14 14:52:05] [NOTICE] (D:\Dropbox\OpenServer\domains\orion\func\error_func.php:29) Optional parameter $id_elem declared before required parameter $max_h is implicitly treated as a required parameter
[2025-06-14 14:52:05] [NOTICE] (D:\Dropbox\OpenServer\domains\orion\func\error_func.php:29) Optional parameter $name_field declared before required parameter $max_h is implicitly treated as a required parameter
[2025-06-14 14:52:05] [NOTICE] (D:\Dropbox\OpenServer\domains\orion\func\error_func.php:29) Optional parameter $type_view declared before required parameter $max_h is implicitly treated as a required parameter
[2025-06-14 14:52:05] [NOTICE] (D:\Dropbox\OpenServer\domains\orion\func\error_func.php:29) Optional parameter $syn declared before required parameter $field is implicitly treated as a required parameter
[2025-06-14 14:52:05] [NOTICE] (D:\Dropbox\OpenServer\domains\orion\func\error_func.php:29) Creation of dynamic property auth_users::$timestamp is deprecated
[2025-06-14 14:52:05] [NOTICE] (D:\Dropbox\OpenServer\domains\orion\func\error_func.php:29) Creation of dynamic property auth_users::$ip is deprecated
[2025-06-14 14:52:05] [NOTICE] (D:\Dropbox\OpenServer\domains\orion\func\error_func.php:29) Creation of dynamic property auth_users::$ip_net is deprecated
[2025-06-14 14:52:05] [NOTICE] (D:\Dropbox\OpenServer\domains\orion\func\error_func.php:29) Creation of dynamic property auth_users::$browser is deprecated
[2025-06-14 14:52:05] [NOTICE] (D:\Dropbox\OpenServer\domains\orion\func\error_func.php:29) Creation of dynamic property ActionModule::$aEditField is deprecated
[2025-06-14 14:52:05] [NOTICE] (D:\Dropbox\OpenServer\domains\orion\func\error_func.php:29) Creation of dynamic property ListTable::$nameZ is deprecated
[2025-06-14 14:52:05] [NOTICE] (D:\Dropbox\OpenServer\domains\orion\func\error_func.php:29) Creation of dynamic property ListTable::$table_class is deprecated
[2025-06-14 14:52:05] [NOTICE] (D:\Dropbox\OpenServer\domains\orion\func\error_func.php:29) Creation of dynamic property ListTable::$theed_tr_class is deprecated
[2025-06-14 14:52:05] [NOTICE] (D:\Dropbox\OpenServer\domains\orion\func\error_func.php:29) Creation of dynamic property ListTable::$nameZList is deprecated
[2025-06-14 14:52:05] [NOTICE] (D:\Dropbox\OpenServer\domains\orion\func\error_func.php:29) Creation of dynamic property ListTable::$aFilters is deprecated
[2025-06-14 14:52:05] [NOTICE] (D:\Dropbox\OpenServer\domains\orion\func\error_func.php:29) Creation of dynamic property ListTable::$wintype is deprecated
[2025-06-14 14:52:05] [NOTICE] (D:\Dropbox\OpenServer\domains\orion\func\error_func.php:29) Creation of dynamic property ListTable::$field_result is deprecated
[2025-06-14 14:52:05] [NOTICE] (D:\Dropbox\OpenServer\domains\orion\func\error_func.php:29) Creation of dynamic property ListTable::$field_result_name is deprecated
[2025-06-14 14:52:05] [NOTICE] (D:\Dropbox\OpenServer\domains\orion\func\error_func.php:29) Creation of dynamic property SqlSelect::$parent_field is deprecated
[2025-06-14 14:52:05] [NOTICE] (D:\Dropbox\OpenServer\domains\orion\func\error_func.php:29) Creation of dynamic property SqlSelect::$out_module_id is deprecated
[2025-06-14 14:52:05] [NOTICE] (D:\Dropbox\OpenServer\domains\orion\func\error_func.php:29) Creation of dynamic property SqlSelect::$out_module_result is deprecated
[2025-06-14 14:52:05] [NOTICE] (D:\Dropbox\OpenServer\domains\orion\func\error_func.php:29) Creation of dynamic property ListTable::$filter is deprecated
[2025-06-14 14:52:05] [NOTICE] (D:\Dropbox\OpenServer\domains\orion\func\error_func.php:29) Creation of dynamic property ListTable::$page_items is deprecated
